  Determining projects to restore...
  All projects are up-to-date for restore.
  HR.Core -> C:\Users\jibin\source\repos\HRManagement\HR.Core\bin\Debug\net10.0\HR.Core.dll
C:\Users\jibin\source\repos\HRManagement\HR.Api\Controllers\EmployeesController.cs(58,70): error CS1061: 'Department' does not contain a definition for 'Name' and no accessible extension method 'Name' accepting a first argument of type 'Department' could be found (are you missing a using directive or an assembly reference?) [C:\Users\jibin\source\repos\HRManagement\HR.Api\HR.Api.csproj]
C:\Users\jibin\source\repos\HRManagement\HR.Api\Controllers\EmployeesController.cs(59,64): error CS1061: 'Position' does not contain a definition for 'Name' and no accessible extension method 'Name' accepting a first argument of type 'Position' could be found (are you missing a using directive or an assembly reference?) [C:\Users\jibin\source\repos\HRManagement\HR.Api\HR.Api.csproj]
C:\Users\jibin\source\repos\HRManagement\HR.Api\Controllers\EmployeeProfileController.cs(30,35): warning CS8602: Dereference of a possibly null reference. [C:\Users\jibin\source\repos\HRManagement\HR.Api\HR.Api.csproj]
C:\Users\jibin\source\repos\HRManagement\HR.Api\Controllers\EmployeeProfileController.cs(32,35): warning CS8602: Dereference of a possibly null reference. [C:\Users\jibin\source\repos\HRManagement\HR.Api\HR.Api.csproj]
C:\Users\jibin\source\repos\HRManagement\HR.Api\Controllers\EmployeeProfileController.cs(34,35): warning CS8602: Dereference of a possibly null reference. [C:\Users\jibin\source\repos\HRManagement\HR.Api\HR.Api.csproj]
C:\Users\jibin\source\repos\HRManagement\HR.Api\Controllers\EmployeeProfileController.cs(36,35): warning CS8602: Dereference of a possibly null reference. [C:\Users\jibin\source\repos\HRManagement\HR.Api\HR.Api.csproj]
C:\Users\jibin\source\repos\HRManagement\HR.Api\Controllers\EmployeeProfileController.cs(38,35): warning CS8602: Dereference of a possibly null reference. [C:\Users\jibin\source\repos\HRManagement\HR.Api\HR.Api.csproj]
C:\Users\jibin\source\repos\HRManagement\HR.Api\Controllers\MenusController.cs(137,30): warning CS8602: Dereference of a possibly null reference. [C:\Users\jibin\source\repos\HRManagement\HR.Api\HR.Api.csproj]
C:\Users\jibin\source\repos\HRManagement\HR.Api\Controllers\EmployeeProfileController.cs(90,35): warning CS8602: Dereference of a possibly null reference. [C:\Users\jibin\source\repos\HRManagement\HR.Api\HR.Api.csproj]
C:\Users\jibin\source\repos\HRManagement\HR.Api\Controllers\EmployeeProfileController.cs(92,35): warning CS8602: Dereference of a possibly null reference. [C:\Users\jibin\source\repos\HRManagement\HR.Api\HR.Api.csproj]
C:\Users\jibin\source\repos\HRManagement\HR.Api\Controllers\EmployeeProfileController.cs(94,35): warning CS8602: Dereference of a possibly null reference. [C:\Users\jibin\source\repos\HRManagement\HR.Api\HR.Api.csproj]
C:\Users\jibin\source\repos\HRManagement\HR.Api\Controllers\EmployeeProfileController.cs(96,35): warning CS8602: Dereference of a possibly null reference. [C:\Users\jibin\source\repos\HRManagement\HR.Api\HR.Api.csproj]
C:\Users\jibin\source\repos\HRManagement\HR.Api\Controllers\EmployeeProfileController.cs(98,35): warning CS8602: Dereference of a possibly null reference. [C:\Users\jibin\source\repos\HRManagement\HR.Api\HR.Api.csproj]
C:\Users\jibin\source\repos\HRManagement\HR.Api\Controllers\LeaveController.cs(148,43): warning CS8602: Dereference of a possibly null reference. [C:\Users\jibin\source\repos\HRManagement\HR.Api\HR.Api.csproj]
C:\Users\jibin\source\repos\HRManagement\HR.Api\Controllers\EmployeeProfileController.cs(114,24): warning CS8600: Converting null literal or possible null value to non-nullable type. [C:\Users\jibin\source\repos\HRManagement\HR.Api\HR.Api.csproj]
C:\Users\jibin\source\repos\HRManagement\HR.Api\Controllers\EmployeeProfileController.cs(127,39): warning CS8602: Dereference of a possibly null reference. [C:\Users\jibin\source\repos\HRManagement\HR.Api\HR.Api.csproj]
C:\Users\jibin\source\repos\HRManagement\HR.Api\Controllers\EmployeeProfileController.cs(129,39): warning CS8602: Dereference of a possibly null reference. [C:\Users\jibin\source\repos\HRManagement\HR.Api\HR.Api.csproj]
C:\Users\jibin\source\repos\HRManagement\HR.Api\Controllers\EmployeeProfileController.cs(211,24): warning CS8600: Converting null literal or possible null value to non-nullable type. [C:\Users\jibin\source\repos\HRManagement\HR.Api\HR.Api.csproj]
C:\Users\jibin\source\repos\HRManagement\HR.Api\Controllers\EmployeeProfileController.cs(224,39): warning CS8602: Dereference of a possibly null reference. [C:\Users\jibin\source\repos\HRManagement\HR.Api\HR.Api.csproj]
C:\Users\jibin\source\repos\HRManagement\HR.Api\Controllers\EmployeeProfileController.cs(226,39): warning CS8602: Dereference of a possibly null reference. [C:\Users\jibin\source\repos\HRManagement\HR.Api\HR.Api.csproj]

Build FAILED.

C:\Users\jibin\source\repos\HRManagement\HR.Api\Controllers\EmployeeProfileController.cs(30,35): warning CS8602: Dereference of a possibly null reference. [C:\Users\jibin\source\repos\HRManagement\HR.Api\HR.Api.csproj]
C:\Users\jibin\source\repos\HRManagement\HR.Api\Controllers\EmployeeProfileController.cs(32,35): warning CS8602: Dereference of a possibly null reference. [C:\Users\jibin\source\repos\HRManagement\HR.Api\HR.Api.csproj]
C:\Users\jibin\source\repos\HRManagement\HR.Api\Controllers\EmployeeProfileController.cs(34,35): warning CS8602: Dereference of a possibly null reference. [C:\Users\jibin\source\repos\HRManagement\HR.Api\HR.Api.csproj]
C:\Users\jibin\source\repos\HRManagement\HR.Api\Controllers\EmployeeProfileController.cs(36,35): warning CS8602: Dereference of a possibly null reference. [C:\Users\jibin\source\repos\HRManagement\HR.Api\HR.Api.csproj]
C:\Users\jibin\source\repos\HRManagement\HR.Api\Controllers\EmployeeProfileController.cs(38,35): warning CS8602: Dereference of a possibly null reference. [C:\Users\jibin\source\repos\HRManagement\HR.Api\HR.Api.csproj]
C:\Users\jibin\source\repos\HRManagement\HR.Api\Controllers\MenusController.cs(137,30): warning CS8602: Dereference of a possibly null reference. [C:\Users\jibin\source\repos\HRManagement\HR.Api\HR.Api.csproj]
C:\Users\jibin\source\repos\HRManagement\HR.Api\Controllers\EmployeeProfileController.cs(90,35): warning CS8602: Dereference of a possibly null reference. [C:\Users\jibin\source\repos\HRManagement\HR.Api\HR.Api.csproj]
C:\Users\jibin\source\repos\HRManagement\HR.Api\Controllers\EmployeeProfileController.cs(92,35): warning CS8602: Dereference of a possibly null reference. [C:\Users\jibin\source\repos\HRManagement\HR.Api\HR.Api.csproj]
C:\Users\jibin\source\repos\HRManagement\HR.Api\Controllers\EmployeeProfileController.cs(94,35): warning CS8602: Dereference of a possibly null reference. [C:\Users\jibin\source\repos\HRManagement\HR.Api\HR.Api.csproj]
C:\Users\jibin\source\repos\HRManagement\HR.Api\Controllers\EmployeeProfileController.cs(96,35): warning CS8602: Dereference of a possibly null reference. [C:\Users\jibin\source\repos\HRManagement\HR.Api\HR.Api.csproj]
C:\Users\jibin\source\repos\HRManagement\HR.Api\Controllers\EmployeeProfileController.cs(98,35): warning CS8602: Dereference of a possibly null reference. [C:\Users\jibin\source\repos\HRManagement\HR.Api\HR.Api.csproj]
C:\Users\jibin\source\repos\HRManagement\HR.Api\Controllers\LeaveController.cs(148,43): warning CS8602: Dereference of a possibly null reference. [C:\Users\jibin\source\repos\HRManagement\HR.Api\HR.Api.csproj]
C:\Users\jibin\source\repos\HRManagement\HR.Api\Controllers\EmployeeProfileController.cs(114,24): warning CS8600: Converting null literal or possible null value to non-nullable type. [C:\Users\jibin\source\repos\HRManagement\HR.Api\HR.Api.csproj]
C:\Users\jibin\source\repos\HRManagement\HR.Api\Controllers\EmployeeProfileController.cs(127,39): warning CS8602: Dereference of a possibly null reference. [C:\Users\jibin\source\repos\HRManagement\HR.Api\HR.Api.csproj]
C:\Users\jibin\source\repos\HRManagement\HR.Api\Controllers\EmployeeProfileController.cs(129,39): warning CS8602: Dereference of a possibly null reference. [C:\Users\jibin\source\repos\HRManagement\HR.Api\HR.Api.csproj]
C:\Users\jibin\source\repos\HRManagement\HR.Api\Controllers\EmployeeProfileController.cs(211,24): warning CS8600: Converting null literal or possible null value to non-nullable type. [C:\Users\jibin\source\repos\HRManagement\HR.Api\HR.Api.csproj]
C:\Users\jibin\source\repos\HRManagement\HR.Api\Controllers\EmployeeProfileController.cs(224,39): warning CS8602: Dereference of a possibly null reference. [C:\Users\jibin\source\repos\HRManagement\HR.Api\HR.Api.csproj]
C:\Users\jibin\source\repos\HRManagement\HR.Api\Controllers\EmployeeProfileController.cs(226,39): warning CS8602: Dereference of a possibly null reference. [C:\Users\jibin\source\repos\HRManagement\HR.Api\HR.Api.csproj]
C:\Users\jibin\source\repos\HRManagement\HR.Api\Controllers\EmployeesController.cs(58,70): error CS1061: 'Department' does not contain a definition for 'Name' and no accessible extension method 'Name' accepting a first argument of type 'Department' could be found (are you missing a using directive or an assembly reference?) [C:\Users\jibin\source\repos\HRManagement\HR.Api\HR.Api.csproj]
C:\Users\jibin\source\repos\HRManagement\HR.Api\Controllers\EmployeesController.cs(59,64): error CS1061: 'Position' does not contain a definition for 'Name' and no accessible extension method 'Name' accepting a first argument of type 'Position' could be found (are you missing a using directive or an assembly reference?) [C:\Users\jibin\source\repos\HRManagement\HR.Api\HR.Api.csproj]
    18 Warning(s)
    2 Error(s)

Time Elapsed 00:00:01.74
