  Determining projects to restore...
  All projects are up-to-date for restore.
  HR.Core -> C:\Users\jibin\source\repos\HRManagement\HR.Core\bin\Debug\net10.0\HR.Core.dll
C:\Users\jibin\source\repos\HRManagement\HR.Api\Controllers\AuthController.cs(124,6): error CS0246: The type or namespace name 'AuthorizeAttribute' could not be found (are you missing a using directive or an assembly reference?) [C:\Users\jibin\source\repos\HRManagement\HR.Api\HR.Api.csproj]
C:\Users\jibin\source\repos\HRManagement\HR.Api\Controllers\AuthController.cs(124,6): error CS0246: The type or namespace name 'Authorize' could not be found (are you missing a using directive or an assembly reference?) [C:\Users\jibin\source\repos\HRManagement\HR.Api\HR.Api.csproj]

Build FAILED.

C:\Users\jibin\source\repos\HRManagement\HR.Api\Controllers\AuthController.cs(124,6): error CS0246: The type or namespace name 'AuthorizeAttribute' could not be found (are you missing a using directive or an assembly reference?) [C:\Users\jibin\source\repos\HRManagement\HR.Api\HR.Api.csproj]
C:\Users\jibin\source\repos\HRManagement\HR.Api\Controllers\AuthController.cs(124,6): error CS0246: The type or namespace name 'Authorize' could not be found (are you missing a using directive or an assembly reference?) [C:\Users\jibin\source\repos\HRManagement\HR.Api\HR.Api.csproj]
    0 Warning(s)
    2 Error(s)

Time Elapsed 00:00:01.09
